<html>
<body>
<pre>
<h1>µVision Build Log</h1>
<h2>Tool Versions:</h2>
IDE-Version: µVision V5.22.0.0
Copyright (C) 2016 ARM Ltd and ARM Germany GmbH. All rights reserved.
License Information: na na, na, LIC=0VRKP-MKUYA-D3XM3-ADKPQ-L02QL-43NCH
 
Tool Versions:
Toolchain:       MDK-ARM Professional  Version: 5.22
Toolchain Path:  C:\Keil_v5\ARM\ARMCC\Bin
C Compiler:      Armcc.exe V5.06 update 4 (build 422)
Assembler:       Armasm.exe V5.06 update 4 (build 422)
Linker/Locator:  ArmLink.exe V5.06 update 4 (build 422)
Library Manager: ArmAr.exe V5.06 update 4 (build 422)
Hex Converter:   FromElf.exe V5.06 update 4 (build 422)
CPU DLL:         SARMCM3.DLL V5.22
Dialog DLL:      DCM.DLL V1.13.9.0
Target DLL:      STLink\ST-LINKIII-KEIL_SWO.dll V2.0.18.0
Dialog DLL:      TCM.DLL V1.21.0.0
 
<h2>Project:</h2>
D:\Keil Projects\STM32F103RE MULTI UTILITY BOARD 3 LC 3 EXTENSIO 1 ENC 4 RLYS BLIND\MDK-ARM\STM32F103RE MULTI UTILITY BOARD 3 LC 3 EXTENSIO 1 ENC 4 RLYS BLIND.uvprojx
Project File Date:  06/24/2020

<h2>Output:</h2>
*** Using Compiler 'V5.06 update 4 (build 422)', folder: 'C:\Keil_v5\ARM\ARMCC\Bin'
Rebuild target 'STM32F103RE MULTI UTILITY BOARD 3 LC 3 EXTENSIO 1 ENC 4 RLYS BLIND'
assembling startup_stm32f103xe.s...
compiling stm32f1xx_it.c...
compiling ip_arp_udp_tcp.c...
..\Src\ip_arp_udp_tcp.c(241): warning:  #177-D: variable "port_PC"  was declared but never referenced
  	unsigned char port_PC[2] = {0,100}; //dia chi tinh cua PC ket noi voi STM32
..\Src\ip_arp_udp_tcp.c: 1 warning, 0 errors
compiling main.c...
compiling stm32f1xx_hal_gpio_ex.c...
compiling enc28j60.C...
compiling stm32f1xx_hal_msp.c...
compiling stm32f1xx_hal_i2c.c...
compiling stm32f1xx_hal.c...
compiling stm32f1xx_hal_dma.c...
compiling stm32f1xx_hal_pwr.c...
compiling stm32f1xx_hal_cortex.c...
compiling stm32f1xx_hal_rcc_ex.c...
compiling stm32f1xx_hal_rcc.c...
compiling stm32f1xx_hal_gpio.c...
compiling stm32f1xx_hal_tim_ex.c...
compiling stm32f1xx_hal_flash_ex.c...
compiling stm32f1xx_hal_flash.c...
compiling stm32f1xx_hal_spi.c...
compiling stm32f1xx_hal_exti.c...
compiling stm32f1xx_hal_uart.c...
compiling system_stm32f1xx.c...
compiling stm32f1xx_hal_tim.c...
linking...
Program Size: Code=17512 RO-data=360 RW-data=64 ZI-data=5096  
FromELF: creating hex file...
"STM32F103RE MULTI UTILITY BOARD 3 LC 3 EXTENSIO 1 ENC 4 RLYS BLIND\STM32F103RE MULTI UTILITY BOARD 3 LC 3 EXTENSIO 1 ENC 4 RLYS BLIND.axf" - 0 Error(s), 1 Warning(s).

<h2>Software Packages used:</h2>

Package Vendor: ARM
                http://www.keil.com/pack/ARM.CMSIS.5.7.0.pack
                ARM::CMSIS:CORE:5.4.0
                CMSIS (Cortex Microcontroller Software Interface Standard)
   * Component: CORE Version: 5.4.0

<h2>Collection of Component include folders:</h2>
  D:\Keil Projects\STM32F103RE MULTI UTILITY BOARD 3 LC 3 EXTENSIO 1 ENC 4 RLYS BLIND\MDK-ARM\RTE\_STM32F103RE_MULTI_UTILITY_BOARD_3_LC_3_EXTENSIO_1_ENC_4_RLYS_BLIND
  C:\Keil_v5\ARM\PACK\ARM\CMSIS\5.7.0\CMSIS\Core\Include
  C:\Keil_v5\ARM\PACK\Keil\STM32F1xx_DFP\2.3.0\Device\Include

<h2>Collection of Component Files used:</h2>

   * Component: ARM::CMSIS:CORE:5.4.0
Build Time Elapsed:  00:00:11
</pre>
</body>
</html>
